<?php return array (
  0 => 'Symfony\\Bundle\\FrameworkBundle\\Controller\\AbstractController',
  1 => 'App\\Controller\\AttachedFileController',
  2 => 'App\\Controller\\CompareController',
  3 => 'App\\Controller\\DeparementController',
  4 => 'App\\Controller\\HomeController',
  5 => 'App\\Controller\\IncidentController',
  6 => 'App\\Controller\\RegistrationController',
  7 => 'App\\Controller\\SecurityController',
  8 => 'App\\Controller\\TaskController',
  9 => 'App\\Controller\\UploadController',
  10 => 'App\\Controller\\UserController',
  11 => 'App\\Entity\\AttachedFile',
  12 => 'App\\Entity\\Compare',
  13 => 'App\\Entity\\Deparement',
  14 => 'App\\Entity\\Incident',
  15 => 'App\\Entity\\Task',
  16 => 'App\\Entity\\Upload',
  17 => 'App\\Entity\\User',
  18 => 'Doctrine\\Bundle\\DoctrineBundle\\Controller\\ProfilerController',
  19 => 'Doctrine\\ORM\\Cache\\Persister\\Entity\\AbstractEntityPersister',
  20 => 'Doctrine\\ORM\\Cache\\Persister\\Entity\\CachedEntityPersister',
  21 => 'Doctrine\\ORM\\Cache\\Persister\\Entity\\NonStrictReadWriteCachedEntityPersister',
  22 => 'Doctrine\\ORM\\Cache\\Persister\\Entity\\ReadOnlyCachedEntityPersister',
  23 => 'Doctrine\\ORM\\Cache\\Persister\\Entity\\ReadWriteCachedEntityPersister',
  24 => 'Doctrine\\ORM\\Persisters\\Entity\\AbstractEntityInheritancePersister',
  25 => 'Doctrine\\ORM\\Persisters\\Entity\\BasicEntityPersister',
  26 => 'Doctrine\\ORM\\Persisters\\Entity\\CachedPersisterContext',
  27 => 'Doctrine\\ORM\\Persisters\\Entity\\EntityPersister',
  28 => 'Doctrine\\ORM\\Persisters\\Entity\\JoinedSubclassPersister',
  29 => 'Doctrine\\ORM\\Persisters\\Entity\\SingleTablePersister',
  30 => 'EasyCorp\\Bundle\\EasyAdminBundle\\Contracts\\Controller\\CrudControllerInterface',
  31 => 'EasyCorp\\Bundle\\EasyAdminBundle\\Contracts\\Controller\\DashboardControllerInterface',
  32 => 'EasyCorp\\Bundle\\EasyAdminBundle\\Controller\\AbstractCrudController',
  33 => 'EasyCorp\\Bundle\\EasyAdminBundle\\Controller\\AbstractDashboardController',
  34 => 'EasyCorp\\Bundle\\EasyAdminBundle\\Controller\\EasyAdminController',
  36 => 'Symfony\\Bundle\\FrameworkBundle\\Controller\\ControllerResolver',
  37 => 'Symfony\\Bundle\\FrameworkBundle\\Controller\\RedirectController',
  38 => 'Symfony\\Bundle\\FrameworkBundle\\Controller\\TemplateController',
  39 => 'Symfony\\Bundle\\WebProfilerBundle\\Controller\\ExceptionPanelController',
  40 => 'Symfony\\Bundle\\WebProfilerBundle\\Controller\\ProfilerController',
  41 => 'Symfony\\Bundle\\WebProfilerBundle\\Controller\\RouterController',
  42 => 'Symfony\\Component\\HttpKernel\\Controller\\ArgumentResolver',
  43 => 'Symfony\\Component\\HttpKernel\\Controller\\ArgumentResolverInterface',
  44 => 'Symfony\\Component\\HttpKernel\\Controller\\ArgumentResolver\\DefaultValueResolver',
  45 => 'Symfony\\Component\\HttpKernel\\Controller\\ArgumentResolver\\NotTaggedControllerValueResolver',
  46 => 'Symfony\\Component\\HttpKernel\\Controller\\ArgumentResolver\\RequestAttributeValueResolver',
  47 => 'Symfony\\Component\\HttpKernel\\Controller\\ArgumentResolver\\RequestValueResolver',
  48 => 'Symfony\\Component\\HttpKernel\\Controller\\ArgumentResolver\\ServiceValueResolver',
  49 => 'Symfony\\Component\\HttpKernel\\Controller\\ArgumentResolver\\SessionValueResolver',
  50 => 'Symfony\\Component\\HttpKernel\\Controller\\ArgumentResolver\\TraceableValueResolver',
  51 => 'Symfony\\Component\\HttpKernel\\Controller\\ArgumentResolver\\VariadicValueResolver',
  52 => 'Symfony\\Component\\HttpKernel\\Controller\\ArgumentValueResolverInterface',
  53 => 'Symfony\\Component\\HttpKernel\\Controller\\ContainerControllerResolver',
  54 => 'Symfony\\Component\\HttpKernel\\Controller\\ControllerReference',
  55 => 'Symfony\\Component\\HttpKernel\\Controller\\ControllerResolver',
  56 => 'Symfony\\Component\\HttpKernel\\Controller\\ControllerResolverInterface',
  57 => 'Symfony\\Component\\HttpKernel\\Controller\\ErrorController',
  58 => 'Symfony\\Component\\HttpKernel\\Controller\\TraceableArgumentResolver',
  59 => 'Symfony\\Component\\HttpKernel\\Controller\\TraceableControllerResolver',
  60 => 'Symfony\\Component\\Security\\Http\\Controller\\UserValueResolver',
);