<?php return array (
  0 => 'Symfony\\Bundle\\FrameworkBundle\\Controller\\AbstractController',
  1 => 'App\\Controller\\Admin\\ComparerCrudController',
  2 => 'App\\Controller\\Admin\\DashboardController',
  3 => 'App\\Controller\\Admin\\DeparementCrudController',
  4 => 'App\\Controller\\Admin\\IncidentCrudController',
  5 => 'App\\Controller\\Admin\\TaskCrudController',
  6 => 'App\\Controller\\Admin\\UploadCrudController',
  7 => 'App\\Controller\\Admin\\UserCrudController',
  8 => 'App\\Controller\\AttachedFileController',
  9 => 'App\\Controller\\ComparerController',
  10 => 'App\\Controller\\DeparementController',
  11 => 'App\\Controller\\HomeController',
  12 => 'App\\Controller\\IncidentController',
  13 => 'App\\Controller\\RegistrationController',
  14 => 'App\\Controller\\SecurityController',
  15 => 'App\\Controller\\TaskController',
  16 => 'App\\Controller\\UploadController',
  17 => 'App\\Controller\\UserController',
  18 => 'App\\Entity\\AttachedFile',
  19 => 'App\\Entity\\Comparer',
  20 => 'App\\Entity\\Deparement',
  21 => 'App\\Entity\\Incident',
  22 => 'App\\Entity\\Task',
  23 => 'App\\Entity\\Upload',
  24 => 'App\\Entity\\User',
  25 => 'Doctrine\\Bundle\\DoctrineBundle\\Controller\\ProfilerController',
  26 => 'Doctrine\\ORM\\Cache\\Persister\\Entity\\AbstractEntityPersister',
  27 => 'Doctrine\\ORM\\Cache\\Persister\\Entity\\CachedEntityPersister',
  28 => 'Doctrine\\ORM\\Cache\\Persister\\Entity\\NonStrictReadWriteCachedEntityPersister',
  29 => 'Doctrine\\ORM\\Cache\\Persister\\Entity\\ReadOnlyCachedEntityPersister',
  30 => 'Doctrine\\ORM\\Cache\\Persister\\Entity\\ReadWriteCachedEntityPersister',
  31 => 'Doctrine\\ORM\\Persisters\\Entity\\AbstractEntityInheritancePersister',
  32 => 'Doctrine\\ORM\\Persisters\\Entity\\BasicEntityPersister',
  33 => 'Doctrine\\ORM\\Persisters\\Entity\\CachedPersisterContext',
  34 => 'Doctrine\\ORM\\Persisters\\Entity\\EntityPersister',
  35 => 'Doctrine\\ORM\\Persisters\\Entity\\JoinedSubclassPersister',
  36 => 'Doctrine\\ORM\\Persisters\\Entity\\SingleTablePersister',
  37 => 'EasyCorp\\Bundle\\EasyAdminBundle\\Contracts\\Controller\\CrudControllerInterface',
  38 => 'EasyCorp\\Bundle\\EasyAdminBundle\\Contracts\\Controller\\DashboardControllerInterface',
  39 => 'EasyCorp\\Bundle\\EasyAdminBundle\\Controller\\AbstractCrudController',
  40 => 'EasyCorp\\Bundle\\EasyAdminBundle\\Controller\\AbstractDashboardController',
  41 => 'EasyCorp\\Bundle\\EasyAdminBundle\\Controller\\EasyAdminController',
  43 => 'Symfony\\Bundle\\FrameworkBundle\\Controller\\ControllerResolver',
  44 => 'Symfony\\Bundle\\FrameworkBundle\\Controller\\RedirectController',
  45 => 'Symfony\\Bundle\\FrameworkBundle\\Controller\\TemplateController',
  46 => 'Symfony\\Bundle\\WebProfilerBundle\\Controller\\ExceptionPanelController',
  47 => 'Symfony\\Bundle\\WebProfilerBundle\\Controller\\ProfilerController',
  48 => 'Symfony\\Bundle\\WebProfilerBundle\\Controller\\RouterController',
  49 => 'Symfony\\Component\\HttpKernel\\Controller\\ArgumentResolver',
  50 => 'Symfony\\Component\\HttpKernel\\Controller\\ArgumentResolverInterface',
  51 => 'Symfony\\Component\\HttpKernel\\Controller\\ArgumentResolver\\DefaultValueResolver',
  52 => 'Symfony\\Component\\HttpKernel\\Controller\\ArgumentResolver\\NotTaggedControllerValueResolver',
  53 => 'Symfony\\Component\\HttpKernel\\Controller\\ArgumentResolver\\RequestAttributeValueResolver',
  54 => 'Symfony\\Component\\HttpKernel\\Controller\\ArgumentResolver\\RequestValueResolver',
  55 => 'Symfony\\Component\\HttpKernel\\Controller\\ArgumentResolver\\ServiceValueResolver',
  56 => 'Symfony\\Component\\HttpKernel\\Controller\\ArgumentResolver\\SessionValueResolver',
  57 => 'Symfony\\Component\\HttpKernel\\Controller\\ArgumentResolver\\TraceableValueResolver',
  58 => 'Symfony\\Component\\HttpKernel\\Controller\\ArgumentResolver\\VariadicValueResolver',
  59 => 'Symfony\\Component\\HttpKernel\\Controller\\ArgumentValueResolverInterface',
  60 => 'Symfony\\Component\\HttpKernel\\Controller\\ContainerControllerResolver',
  61 => 'Symfony\\Component\\HttpKernel\\Controller\\ControllerReference',
  62 => 'Symfony\\Component\\HttpKernel\\Controller\\ControllerResolver',
  63 => 'Symfony\\Component\\HttpKernel\\Controller\\ControllerResolverInterface',
  64 => 'Symfony\\Component\\HttpKernel\\Controller\\ErrorController',
  65 => 'Symfony\\Component\\HttpKernel\\Controller\\TraceableArgumentResolver',
  66 => 'Symfony\\Component\\HttpKernel\\Controller\\TraceableControllerResolver',
  67 => 'Symfony\\Component\\Security\\Http\\Controller\\UserValueResolver',
  68 => 'Vich\\UploaderBundle\\Entity\\File',
);